Java HotSpot(TM) 64-Bit Server VM (25.111-b14) for windows-amd64 JRE (1.8.0_111-b14), built on Sep 22 2016 19:24:05 by "java_re" with MS VC++ 10.0 (VS2010)
Memory: 4k page, physical 8258520k(2324676k free), swap 10224600k(2107744k free)
CommandLine flags: -XX:GCLogFileSize=3145728 -XX:InitialHeapSize=1073741824 -XX:MaxHeapSize=1073741824 -XX:MaxMetaspaceSize=268435456 -XX:MetaspaceSize=100663296 -XX:NumberOfGCLogFiles=5 -XX:+PrintGC -XX:+PrintGCDateStamps -XX:+PrintGCDetails -XX:+PrintGCTimeStamps -XX:-TraceClassUnloading -XX:+UseCompressedClassPointers -XX:+UseCompressedOops -XX:+UseGCLogFileRotation -XX:-UseLargePagesIndividualAllocation -XX:+UseParallelGC 
2017-11-18T18:09:42.328+0700: 7.982: [GC (Allocation Failure) [PSYoungGen: 262144K->21414K(305664K)] 262144K->21430K(1005056K), 0.0266371 secs] [Times: user=0.03 sys=0.00, real=0.03 secs] 
2017-11-18T18:09:49.362+0700: 15.013: [GC (Allocation Failure) [PSYoungGen: 283558K->43496K(305664K)] 283574K->52753K(1005056K), 0.0411378 secs] [Times: user=0.11 sys=0.03, real=0.04 secs] 
2017-11-18T18:09:50.889+0700: 16.541: [GC (Allocation Failure) [PSYoungGen: 305640K->43505K(305664K)] 314897K->82985K(1005056K), 0.0638464 secs] [Times: user=0.26 sys=0.05, real=0.06 secs] 
2017-11-18T18:11:44.891+0700: 130.542: [GC (Allocation Failure) [PSYoungGen: 305649K->43500K(305664K)] 345129K->91604K(1005056K), 0.0317808 secs] [Times: user=0.14 sys=0.00, real=0.03 secs] 
Heap
 PSYoungGen      total 305664K, used 122294K [0x00000000eab00000, 0x0000000100000000, 0x0000000100000000)
  eden space 262144K, 30% used [0x00000000eab00000,0x00000000ef7f2a58,0x00000000fab00000)
  from space 43520K, 99% used [0x00000000fd580000,0x00000000ffffb128,0x0000000100000000)
  to   space 43520K, 0% used [0x00000000fab00000,0x00000000fab00000,0x00000000fd580000)
 ParOldGen       total 699392K, used 48104K [0x00000000c0000000, 0x00000000eab00000, 0x00000000eab00000)
  object space 699392K, 6% used [0x00000000c0000000,0x00000000c2efa0d0,0x00000000eab00000)
 Metaspace       used 58885K, capacity 65776K, committed 66048K, reserved 1105920K
  class space    used 7557K, capacity 9603K, committed 9728K, reserved 1048576K
